
 problem case=of_0_5_expanded hp p,bar=100 o/f=0.5
 reactants
  fuel=RP-1 wt%=100 t,k=298.15
  oxid=O2(L) wt%=100 t,k=90.170
 output siunits trace=1.e-7
 end



               THERMODYNAMIC EQUILIBRIUM COMBUSTION PROPERTIES AT ASSIGNED

                           PRESSURES

 CASE = of_0_5_expanded
 
            REACTANT     MOLES    ENERGY      TEMP
                                  KJ/MOL         K
     RP-1              100.000  -24717.700    298.15
     O2(L)             100.000  -12979.000     90.17
O/F =    0.50000    % Fuel =  66.66667    r, Eq. Ratio =  6.81133    phi, Eq. Ratio =  6.81133
 
 THERMODYNAMIC PROPERTIES
 
 P, bar               100.00000
 T, K                   1320.83
 Density, kg/m^3      0.1721E+2
 H, kJ/kg             -1314.242
 U, kJ/kg             -1895.349
 G, kJ/kg            -15521.309
 S, kJ/kg-K             10.7562
 
 M, (1/n)              18.89845
 (dln(V)/dln(P))t      -1.12094
 (dln(V)/dln(T))p       2.27143
 Cp, kJ/kg-K            9.15091
 Gamma_s                1.14562
 Son. Vel., m/s         815.921
 
MOLE FRACTIONS
 
 C2H2,acetylene        2.594E-7
 C2H4                  2.719E-5
 C2H6                  5.345E-5
 C3H6,propylene        2.322E-7
 CH2CO,ketene          7.797E-7
 CH3                   4.780E-7
 CH3CHO,ethanal        2.458E-7
 CH3OH                 5.234E-7
 CH4                   0.106959
 CO                    0.172066
 CO2                   0.017603
 H2                    0.324039
 H2O                   0.061247
 HCHO,formaldehy       3.863E-6
 HCOOH                 9.467E-7
 C(gr)                 0.317999

PRODUCTS WHICH WERE CONSIDERED BUT WHOSE MOLE FRACTIONS
WERE LESS THAN 1.000000E-07 FOR ALL ASSIGNED CONDITIONS

 (CH3COOH)2      (HCOOH)2        C               C10H21,n-decyl  C10H8,naphthale
 C12H10,biphenyl C12H9,o-bipheny C2              C2H             C2H2,vinylidene
 C2H3,vinyl      C2H4O,ethylen-o C2H5            C2H5OH          C2O            
 C3              C3H3,1-propynl  C3H3,2-propynl  C3H4,allene     C3H4,cyclo-    
 C3H4,propyne    C3H5,allyl      C3H6,cyclo-     C3H6O,acetone   C3H6O,propanal 
 C3H6O,propylox  C3H7,i-propyl   C3H7,n-propyl   C3H8            C3H8O,1propanol
 C3H8O,2propanol C3O2            C4              C4H10,isobutane C4H10,n-butane 
 C4H2,butadiyne  C4H4,1,3-cyclo- C4H6,1butyne    C4H6,2butyne    C4H6,butadiene 
 C4H6,cyclo-     C4H8,1-butene   C4H8,cis2-buten C4H8,cyclo-     C4H8,isobutene 
 C4H8,tr2-butene C4H9,i-butyl    C4H9,n-butyl    C4H9,s-butyl    C4H9,t-butyl   
 C5              C5H10,1-pentene C5H10,cyclo-    C5H11,pentyl    C5H11,t-pentyl 
 C5H12,i-pentane C5H12,n-pentane C5H6,1,3cyclo-  C5H8,cyclo-     C6H10,cyclo-   
 C6H12,1-hexene  C6H12,cyclo-    C6H13,n-hexyl   C6H14,n-hexane  C6H2           
 C6H5,phenyl     C6H5O,phenoxy   C6H5OH,phenol   C6H6            C7H14,1-heptene
 C7H15,n-heptyl  C7H16,2-methylh C7H16,n-heptane C7H7,benzyl     C7H8           
 C7H8O,cresol-mx C8H10,ethylbenz C8H16,1-octene  C8H17,n-octyl   C8H18,isooctane
 C8H18,n-octane  C8H8,styrene    C9H19,n-nonyl   CH              CH2            
 CH2OH           CH3C(CH3)2CH3   CH3CO,acetyl    CH3COOH         CH3O           
 CH3O2CH3        CH3OCH3         CH3OOH          COOH            H              
 H2O2            HCCO            HCO             HO(CO)2OH       HO2            
 O               O(CH)2O         O2              O3              OH             
 OHCH2COOH       H2O(L)          H2O(cr)        


