
 ! Custom formulas with explicit total chemical h in J/mol; not CEA liquid anchors.
 ! t,k=298.15 labels the assigned-h record, not a liquid table temperature.
 problem case=methane_3_4_rocket rocket frozen nfz=1 p,bar=100 o/f=3.3999999999999999 supar=10,40
 reactants
  fuel=FEED_CH4 C 1 H 4 wt%=100 t,k=298.15 h,j/mole=-88521.901917786687
  oxid=FEED_O2 O 2 wt%=100 t,k=298.15 h,j/mole=-12252.605872348349
 only H2 O2 H2O CO CO2 CH4 H O OH
 output siunits trace=1.e-7
 end

THEORETICAL ROCKET PERFORMANCE ASSUMING FROZEN
COMPOSITION DURING EXPANSION FROM INFINITE AREA COMBUSTOR
 
Pc = 100.00 bar
 
supar =    10.0000   40.0000
 
 
            REACTANT     MOLES    ENERGY      TEMP
                                  KJ/MOL         K
     FEED_CH4          100.000  -88521.902    298.15
     FEED_O2           100.000  -12252.606    298.15
 
O/F =    3.40000    % Fuel =  22.72727    r, Eq. Ratio =  1.17331    phi, Eq. Ratio =  1.17331
 

                        CHAMBER       THROAT         EXIT         EXIT
 Pinf/P                  1.0000       1.7708       82.747      527.445
 P, bar                100.0000      56.4728       1.2085       0.1896
 T, K                   3602.76      3279.33      1676.07      1167.96
 Density, kg/m^3      0.7262E+1    0.4505E+1    0.1886E+0    0.4247E-1
 H, kJ/kg             -1549.969    -2301.056    -5834.307    -6832.982
 U, kJ/kg             -2927.077    -3554.537    -6474.962    -7279.419
 G, kJ/kg             -44954.87    -41809.38    -26027.03    -20904.16
 S, kJ/kg-K              12.048       12.048       12.048       12.048
 
 M, (1/n)               21.7522      21.7522      21.7522      21.7522
 Cp, kJ/(kg-K)           6.7548       2.3088       2.0479       1.8721
 Gamma_s                 1.1957       1.1984       1.2295       1.2566
 Son. Vel., m/s         1283.22      1225.63       887.51       748.98
 Mach                    0.0000       1.0000       3.2983       4.3400
 
 PERFORMANCE PARAMETERS
 
 Ae/At                                1.0000      10.0000      40.0002
 C*, m/s                             1811.00      1811.00      1811.00
 Cf                                   0.6768       1.6164       1.7949
 Ivac, m/s                           2248.35      3146.09      3387.88
 Isp, m/s                            1225.63      2927.23      3250.54
 
MOLE FRACTIONS
 
 H2                    0.080286
 O2                    0.022110
 H2O                   0.492064
 CO                    0.178402
 CO2                   0.129761
 H                     0.021011
 O                     0.009427
 OH                    0.066940

PRODUCTS WHICH WERE CONSIDERED BUT WHOSE MOLE FRACTIONS
WERE LESS THAN 1.000000E-07 FOR ALL ASSIGNED CONDITIONS

 CH4            

NOTE. WEIGHT FRACTION OF FUEL IN TOTAL FUELS AND OF OXIDANT IN TOTAL OXIDANTS

