
 ! Gas-feed HP, infinite-area chamber, chamber-frozen nfz=1; not liquid feed.
 problem case=both_200 rocket frozen nfz=1 p,bar=100 o/f=3.3999999999999999 supar=10,40
 reactants
  fuel=CH4 wt%=100 t,k=200
  oxid=O2 wt%=100 t,k=200
 only H2 O2 H2O CO CO2 CH4 H O OH
 output siunits trace=1.e-8
 end

THEORETICAL ROCKET PERFORMANCE ASSUMING FROZEN
COMPOSITION DURING EXPANSION FROM INFINITE AREA COMBUSTOR
 
Pc = 100.00 bar
 
supar =    10.0000   40.0000
 
 
            REACTANT     MOLES    ENERGY      TEMP
                                  KJ/MOL         K
     CH4               100.000  -77973.457    200.00
     O2                100.000   -2868.237    200.00
 
O/F =    3.40000    % Fuel =  22.72727    r, Eq. Ratio =  1.17331    phi, Eq. Ratio =  1.17331
 

                        CHAMBER       THROAT         EXIT         EXIT
 Pinf/P                  1.0000       1.7721       83.258      532.348
 P, bar                100.0000      56.4310       1.2011       0.1878
 T, K                   3657.16      3325.62      1688.20      1172.12
 Density, kg/m^3      0.7081E+1    0.4395E+1    0.1843E+0    0.4150E-1
 H, kJ/kg             -1173.910    -1944.736    -5558.626    -6574.757
 U, kJ/kg             -2586.053    -3228.858    -6210.490    -7027.350
 G, kJ/kg             -45613.16    -42355.26    -26072.37    -20817.58
 S, kJ/kg-K              12.151       12.151       12.151       12.151
 
 M, (1/n)               21.5329      21.5329      21.5329      21.5329
 Cp, kJ/(kg-K)           7.0683       2.3115       2.0515       1.8754
 Gamma_s                 1.1979       1.2006       1.2319       1.2593
 Son. Vel., m/s         1300.59      1241.63       896.11       754.94
 Mach                    0.0000       1.0000       3.3047       4.3534
 
 PERFORMANCE PARAMETERS
 
 Ae/At                                1.0000      10.0000      40.0002
 C*, m/s                             1832.72      1832.72      1832.72
 Cf                                   0.6775       1.6158       1.7933
 Ivac, m/s                           2275.85      3181.45      3424.30
 Isp, m/s                            1241.63      2961.32      3286.59
 
MOLE FRACTIONS
 
 H2                    0.083500
 O2                    0.024766
 H2O                   0.477879
 CO                    0.182308
 CO2                   0.122747
 H                     0.024033
 O                     0.011336
 OH                    0.073431

PRODUCTS WHICH WERE CONSIDERED BUT WHOSE MOLE FRACTIONS
WERE LESS THAN 1.000000E-08 FOR ALL ASSIGNED CONDITIONS

 CH4            

NOTE. WEIGHT FRACTION OF FUEL IN TOTAL FUELS AND OF OXIDANT IN TOTAL OXIDANTS

