
 ! Restricted gas TP reference for saved synthetic cycle state, not whole engine.
 problem case=main_of_plus tp p,bar=50 t,k=3300 o/f=3.4708485954054602
 reactants
  fuel=CH4 wt%=100 t,k=298.15
  oxid=O2 wt%=100 t,k=298.15
 only H2 O2 H2O CO CO2 CH4 H O OH
 output siunits trace=1.e-8
 end



               THERMODYNAMIC EQUILIBRIUM PROPERTIES AT ASSIGNED

                           TEMPERATURE AND PRESSURE

 CASE = main_of_plus
 
            REACTANT     MOLES    ENERGY      TEMP
                                  KJ/MOL         K
     CH4               100.000  -74600.000    298.15
     O2                100.000      -0.000    298.15
O/F =    3.47085    % Fuel =  22.36712    r, Eq. Ratio =  1.14936    phi, Eq. Ratio =  1.14936
 
 THERMODYNAMIC PROPERTIES
 
 P, bar                50.00000
 T, K                   3300.00
 Density, kg/m^3      0.4127E+1
 H, kJ/kg             -3007.100
 U, kJ/kg             -4218.683
 G, kJ/kg            -41981.467
 S, kJ/kg-K             11.8104
 
 M, (1/n)              22.64632
 (dln(V)/dln(P))t      -1.02718
 (dln(V)/dln(T))p       1.52811
 Cp, kJ/kg-K            6.09849
 Gamma_s                1.12790
 Son. Vel., m/s        1168.994
 
MOLE FRACTIONS
 
 H2                    0.065225
 O2                    0.016959
 H2O                   0.535773
 CO                    0.155413
 CO2                   0.160332
 H                     0.013213
 O                     0.005314
 OH                    0.047770

PRODUCTS WHICH WERE CONSIDERED BUT WHOSE MOLE FRACTIONS
WERE LESS THAN 1.000000E-08 FOR ALL ASSIGNED CONDITIONS

 CH4            


