
 ! Restricted gas TP reference for saved synthetic cycle state, not whole engine.
 problem case=main_base tp p,bar=50 t,k=3300 o/f=3.436135057526204
 reactants
  fuel=CH4 wt%=100 t,k=298.15
  oxid=O2 wt%=100 t,k=298.15
 only H2 O2 H2O CO CO2 CH4 H O OH
 output siunits trace=1.e-8
 end



               THERMODYNAMIC EQUILIBRIUM PROPERTIES AT ASSIGNED

                           TEMPERATURE AND PRESSURE

 CASE = main_base
 
            REACTANT     MOLES    ENERGY      TEMP
                                  KJ/MOL         K
     CH4               100.000  -74600.000    298.15
     O2                100.000      -0.000    298.15
O/F =    3.43614    % Fuel =  22.54215    r, Eq. Ratio =  1.16097    phi, Eq. Ratio =  1.16097
 
 THERMODYNAMIC PROPERTIES
 
 P, bar                50.00000
 T, K                   3300.00
 Density, kg/m^3      0.4105E+1
 H, kJ/kg             -2986.560
 U, kJ/kg             -4204.724
 G, kJ/kg            -42102.792
 S, kJ/kg-K             11.8534
 
 M, (1/n)              22.52397
 (dln(V)/dln(P))t      -1.02650
 (dln(V)/dln(T))p       1.51457
 Cp, kJ/kg-K            6.02743
 Gamma_s                1.12865
 Son. Vel., m/s        1172.555
 
MOLE FRACTIONS
 
 H2                    0.068310
 O2                    0.015396
 H2O                   0.534632
 CO                    0.159608
 CO2                   0.156888
 H                     0.013522
 O                     0.005063
 OH                    0.046580

PRODUCTS WHICH WERE CONSIDERED BUT WHOSE MOLE FRACTIONS
WERE LESS THAN 1.000000E-08 FOR ALL ASSIGNED CONDITIONS

 CH4            


