
 ! Assigned TP, infinite-area chamber; nfz=1 freezes at chamber, not throat.
 problem case=main_t_plus rocket frozen nfz=1 p,bar=50 t,k=3333 o/f=3.436135057526204 supar=10,40
 reactants
  fuel=CH4 wt%=100 t,k=298.15
  oxid=O2 wt%=100 t,k=298.15
 only H2 O2 H2O CO CO2 CH4 H O OH
 output siunits trace=1.e-8
 end

THEORETICAL ROCKET PERFORMANCE ASSUMING FROZEN
COMPOSITION DURING EXPANSION FROM INFINITE AREA COMBUSTOR
 
Pc =  50.00 bar
 
supar =    10.0000   40.0000
 
 
            REACTANT     MOLES    ENERGY      TEMP
                                  KJ/MOL         K
     CH4               100.000  -74600.000    298.15
     O2                100.000      -0.000    298.15
 
O/F =    3.43614    % Fuel =  22.54215    r, Eq. Ratio =  1.16097    phi, Eq. Ratio =  1.16097
 

                        CHAMBER       THROAT         EXIT         EXIT
 Pinf/P                  1.0000       1.7682       81.933      520.549
 P, bar                 50.0000      28.2775       0.6103       0.0961
 T, K                   3333.00      3039.68      1571.00      1099.32
 Density, kg/m^3      0.4042E+1    0.2507E+1    0.1047E+0    0.2354E-1
 H, kJ/kg             -2783.845    -3457.378    -6646.716    -7555.719
 U, kJ/kg             -4020.722    -4585.406    -7229.715    -7963.677
 G, kJ/kg             -42494.96    -39673.76    -25364.45    -20653.61
 S, kJ/kg-K              11.915       11.915       11.915       11.915
 
 M, (1/n)               22.4050      22.4050      22.4050      22.4050
 Cp, kJ/(kg-K)           6.2582       2.2822       2.0104       1.8342
 Gamma_s                 1.1914       1.1942       1.2264       1.2536
 Son. Vel., m/s         1213.95      1160.63       845.56       715.14
 Mach                    0.0000       1.0000       3.2872       4.3198
 
 PERFORMANCE PARAMETERS
 
 Ae/At                                1.0000      10.0000      40.0003
 C*, m/s                             1718.52      1718.52      1718.52
 Cf                                   0.6754       1.6174       1.7976
 Ivac, m/s                           2132.54      2989.27      3221.35
 Isp, m/s                            1160.63      2779.52      3089.30
 
MOLE FRACTIONS
 
 H2                    0.069999
 O2                    0.017093
 H2O                   0.527073
 CO                    0.162351
 CO2                   0.152474
 H                     0.014875
 O                     0.005853
 OH                    0.050281

PRODUCTS WHICH WERE CONSIDERED BUT WHOSE MOLE FRACTIONS
WERE LESS THAN 1.000000E-08 FOR ALL ASSIGNED CONDITIONS

 CH4            

NOTE. WEIGHT FRACTION OF FUEL IN TOTAL FUELS AND OF OXIDANT IN TOTAL OXIDANTS

